0 verbose cli /usr/local/bin/node /usr/local/bin/npm
1 info using npm@11.6.2
2 info using node@v24.11.1
3 silly config load:file:/usr/local/lib/node_modules/npm/npmrc
4 silly config load:file:/home/ai/.cache/typescript/5.9/.npmrc
5 silly config load:file:/home/ai/.npmrc
6 silly config load:file:/usr/local/etc/npmrc
7 verbose title npm install types-registry@latest
8 verbose argv "install" "--ignore-scripts" "types-registry@latest"
9 verbose logfile logs-max:10 dir:/home/ai/.npm/_logs/2026-02-01T08_39_27_285Z-
10 verbose logfile /home/ai/.npm/_logs/2026-02-01T08_39_27_285Z-debug-0.log
11 silly logfile start cleaning logs, removing 1 files
12 silly logfile done cleaning log files
13 silly packumentCache heap:2348810240 maxSize:587202560 maxEntrySize:293601280
14 silly packumentCache corgi:https://registry.npmjs.org/types-registry cache-miss
15 http fetch GET 200 https://registry.npmjs.org/types-registry 486ms (cache revalidated)
16 silly packumentCache corgi:https://registry.npmjs.org/types-registry set size:616812 disposed:false
17 silly idealTree buildDeps
18 silly fetch manifest types-registry@0.1.755
19 silly packumentCache full:https://registry.npmjs.org/types-registry cache-miss
20 http fetch GET 200 https://registry.npmjs.org/types-registry 544ms (cache revalidated)
21 silly packumentCache full:https://registry.npmjs.org/types-registry set size:1326773 disposed:false
22 silly placeDep ROOT types-registry@0.1.755 REPLACE for:  want: 0.1.755
23 silly reify moves {}
24 silly audit bulk request {
24 silly audit   '@babel/code-frame': [ '7.27.1' ],
24 silly audit   '@babel/helper-validator-identifier': [ '7.28.5' ],
24 silly audit   '@jest/diff-sequences': [ '30.0.1' ],
24 silly audit   '@jest/expect-utils': [ '30.2.0' ],
24 silly audit   '@jest/get-type': [ '30.1.0' ],
24 silly audit   '@jest/pattern': [ '30.0.1' ],
24 silly audit   '@jest/schemas': [ '30.0.5' ],
24 silly audit   '@jest/types': [ '30.2.0' ],
24 silly audit   '@sinclair/typebox': [ '0.34.41' ],
24 silly audit   '@types/istanbul-lib-coverage': [ '2.0.6' ],
24 silly audit   '@types/istanbul-lib-report': [ '3.0.3' ],
24 silly audit   '@types/istanbul-reports': [ '3.0.4' ],
24 silly audit   '@types/jest': [ '30.0.0' ],
24 silly audit   '@types/node': [ '24.10.1' ],
24 silly audit   '@types/react': [ '19.2.10' ],
24 silly audit   '@types/react-dom': [ '19.2.3' ],
24 silly audit   '@types/stack-utils': [ '2.0.3' ],
24 silly audit   '@types/yargs': [ '17.0.35' ],
24 silly audit   '@types/yargs-parser': [ '21.0.3' ],
24 silly audit   'ansi-styles': [ '4.3.0', '5.2.0' ],
24 silly audit   braces: [ '3.0.3' ],
24 silly audit   chalk: [ '4.1.2' ],
24 silly audit   'ci-info': [ '4.3.1' ],
24 silly audit   'color-convert': [ '2.0.1' ],
24 silly audit   'color-name': [ '1.1.4' ],
24 silly audit   csstype: [ '3.2.2' ],
24 silly audit   'escape-string-regexp': [ '2.0.0' ],
24 silly audit   expect: [ '30.2.0' ],
24 silly audit   'fill-range': [ '7.1.1' ],
24 silly audit   'graceful-fs': [ '4.2.11' ],
24 silly audit   'has-flag': [ '4.0.0' ],
24 silly audit   'is-number': [ '7.0.0' ],
24 silly audit   'jest-diff': [ '30.2.0' ],
24 silly audit   'jest-matcher-utils': [ '30.2.0' ],
24 silly audit   'jest-message-util': [ '30.2.0' ],
24 silly audit   'jest-mock': [ '30.2.0' ],
24 silly audit   'jest-regex-util': [ '30.0.1' ],
24 silly audit   'jest-util': [ '30.2.0' ],
24 silly audit   'js-tokens': [ '4.0.0' ],
24 silly audit   micromatch: [ '4.0.8' ],
24 silly audit   picomatch: [ '2.3.1', '4.0.3' ],
24 silly audit   picocolors: [ '1.1.1' ],
24 silly audit   'pretty-format': [ '30.2.0' ],
24 silly audit   'react-is': [ '18.3.1' ],
24 silly audit   slash: [ '3.0.0' ],
24 silly audit   'stack-utils': [ '2.0.6' ],
24 silly audit   'supports-color': [ '7.2.0' ],
24 silly audit   'to-regex-range': [ '5.0.1' ],
24 silly audit   'undici-types': [ '7.16.0' ],
24 silly audit   'types-registry': [ '0.1.755' ]
24 silly audit }
25 http fetch POST 200 https://registry.npmjs.org/-/npm/v1/security/advisories/bulk 268ms
26 silly audit report {}
27 verbose cwd /home/ai/.cache/typescript/5.9
28 verbose os Linux 6.8.0-1044-aws
29 verbose node v24.11.1
30 verbose npm  v11.6.2
31 verbose exit 0
32 info ok
