0 verbose cli /usr/local/bin/node /usr/local/bin/npm
1 info using npm@11.6.2
2 info using node@v24.11.1
3 silly config load:file:/usr/local/lib/node_modules/npm/npmrc
4 silly config load:file:/home/ai/.cache/typescript/5.9/.npmrc
5 silly config load:file:/home/ai/.npmrc
6 silly config load:file:/usr/local/etc/npmrc
7 verbose title npm install @types/react@ts5.9
8 verbose argv "install" "--ignore-scripts" "@types/react@ts5.9" "--save-dev" "--user-agent" "typesInstaller/5.9.2"
9 verbose logfile logs-max:10 dir:/home/ai/.npm/_logs/2026-02-01T07_55_22_739Z-
10 verbose logfile /home/ai/.npm/_logs/2026-02-01T07_55_22_739Z-debug-0.log
11 silly logfile start cleaning logs, removing 1 files
12 silly logfile done cleaning log files
13 silly packumentCache heap:2348810240 maxSize:587202560 maxEntrySize:293601280
14 silly packumentCache corgi:https://registry.npmjs.org/@types%2freact cache-miss
15 http fetch GET 200 https://registry.npmjs.org/@types%2freact 152ms (cache updated)
16 silly packumentCache corgi:https://registry.npmjs.org/@types%2freact set size:undefined disposed:false
17 silly idealTree buildDeps
18 silly fetch manifest @types/react@19.2.10
19 silly packumentCache full:https://registry.npmjs.org/@types%2freact cache-miss
20 http fetch GET 200 https://registry.npmjs.org/@types%2freact 85ms (cache updated)
21 silly packumentCache full:https://registry.npmjs.org/@types%2freact set size:undefined disposed:false
22 silly placeDep ROOT @types/react@19.2.10 REPLACE for:  want: 19.2.10
23 silly reify mark retired [ '/home/ai/.cache/typescript/5.9/node_modules/@types/react' ]
24 silly reify moves {
24 silly reify   '/home/ai/.cache/typescript/5.9/node_modules/@types/react': '/home/ai/.cache/typescript/5.9/node_modules/@types/.react-49qhw66k'
24 silly reify }
25 silly audit bulk request {
25 silly audit   '@babel/code-frame': [ '7.27.1' ],
25 silly audit   '@babel/helper-validator-identifier': [ '7.28.5' ],
25 silly audit   '@jest/diff-sequences': [ '30.0.1' ],
25 silly audit   '@jest/expect-utils': [ '30.2.0' ],
25 silly audit   '@jest/get-type': [ '30.1.0' ],
25 silly audit   '@jest/pattern': [ '30.0.1' ],
25 silly audit   '@jest/schemas': [ '30.0.5' ],
25 silly audit   '@jest/types': [ '30.2.0' ],
25 silly audit   '@sinclair/typebox': [ '0.34.41' ],
25 silly audit   '@types/istanbul-lib-coverage': [ '2.0.6' ],
25 silly audit   '@types/istanbul-lib-report': [ '3.0.3' ],
25 silly audit   '@types/istanbul-reports': [ '3.0.4' ],
25 silly audit   '@types/jest': [ '30.0.0' ],
25 silly audit   '@types/node': [ '24.10.1' ],
25 silly audit   '@types/react-dom': [ '19.2.3' ],
25 silly audit   '@types/stack-utils': [ '2.0.3' ],
25 silly audit   '@types/yargs': [ '17.0.35' ],
25 silly audit   '@types/yargs-parser': [ '21.0.3' ],
25 silly audit   'ansi-styles': [ '4.3.0', '5.2.0' ],
25 silly audit   braces: [ '3.0.3' ],
25 silly audit   chalk: [ '4.1.2' ],
25 silly audit   'ci-info': [ '4.3.1' ],
25 silly audit   'color-convert': [ '2.0.1' ],
25 silly audit   'color-name': [ '1.1.4' ],
25 silly audit   csstype: [ '3.2.2' ],
25 silly audit   'escape-string-regexp': [ '2.0.0' ],
25 silly audit   expect: [ '30.2.0' ],
25 silly audit   'fill-range': [ '7.1.1' ],
25 silly audit   'graceful-fs': [ '4.2.11' ],
25 silly audit   'has-flag': [ '4.0.0' ],
25 silly audit   'is-number': [ '7.0.0' ],
25 silly audit   'jest-diff': [ '30.2.0' ],
25 silly audit   'jest-matcher-utils': [ '30.2.0' ],
25 silly audit   'jest-message-util': [ '30.2.0' ],
25 silly audit   'jest-mock': [ '30.2.0' ],
25 silly audit   'jest-regex-util': [ '30.0.1' ],
25 silly audit   'jest-util': [ '30.2.0' ],
25 silly audit   'js-tokens': [ '4.0.0' ],
25 silly audit   micromatch: [ '4.0.8' ],
25 silly audit   picomatch: [ '2.3.1', '4.0.3' ],
25 silly audit   picocolors: [ '1.1.1' ],
25 silly audit   'pretty-format': [ '30.2.0' ],
25 silly audit   'react-is': [ '18.3.1' ],
25 silly audit   slash: [ '3.0.0' ],
25 silly audit   'stack-utils': [ '2.0.6' ],
25 silly audit   'supports-color': [ '7.2.0' ],
25 silly audit   'to-regex-range': [ '5.0.1' ],
25 silly audit   'types-registry': [ '0.1.755' ],
25 silly audit   'undici-types': [ '7.16.0' ],
25 silly audit   '@types/react': [ '19.2.10' ]
25 silly audit }
26 http cache @types/react@https://registry.npmjs.org/@types/react/-/react-19.2.10.tgz 0ms (cache hit)
27 silly tarball no local data for @types/react@https://registry.npmjs.org/@types/react/-/react-19.2.10.tgz. Extracting by manifest.
28 http fetch GET 200 https://registry.npmjs.org/@types/react/-/react-19.2.10.tgz 112ms (cache miss)
29 http fetch POST 200 https://registry.npmjs.org/-/npm/v1/security/advisories/bulk 198ms
30 silly audit report {}
31 silly CHANGE node_modules/@types/react
32 verbose cwd /home/ai/.cache/typescript/5.9
33 verbose os Linux 6.8.0-1044-aws
34 verbose node v24.11.1
35 verbose npm  v11.6.2
36 verbose exit 0
37 info ok
